[2026-04-13T22:48:23Z] === ENRICH ITERATION 5 START | repo=zopefoundation/Zope sha=358841b2 ===
[2026-04-13T22:48:23Z] [iter=5] PHASE START: enrich repo=zopefoundation/Zope sha=358841b2 runlog=/home/runner/work/forx/forx/storage/aggregate/lsp/logs/358841b2-enrich-iter-005.log output=/home/runner/work/forx/forx/storage/aggregate/lsp/358841b27f3e2a06c0632db52c001c78d5f6a554.nq.gz
[2026-04-13T22:48:23Z] [iter=5] Step 1: Loading AST into disk-backed store mem_mb=77 MB
[2026-04-13T22:49:20Z] [iter=5] AST store loaded triples=6312814 load_secs=55 mem_mb=1001 MB
[2026-04-13T22:49:20Z] [iter=5] Step 2: Finding LSP targets mem_mb=1001 MB
[2026-04-13T22:49:39Z] [iter=5] LSP targets found call_sites=44664 imports=6341 extends=1182 implements=0 secs=19
[2026-04-13T22:49:47Z] [iter=5] Loaded checkpoint partial graph triples=184090
[2026-04-13T22:50:04Z] [iter=5] Step 2.7: Building position index (one-shot, shared across resolvers) mem_mb=1001 MB
[2026-04-13T22:50:43Z] [iter=5] Position index built positions=442274 nodes_with_types=569433 secs=39 mem_mb=1715 MB
[2026-04-13T22:50:43Z] [iter=5] Step 3: Starting LSP resolution mem_mb=1715 MB already_completed_types=[] already_completed_files=323
[2026-04-13T22:50:43Z] [iter=5] Resolving target type target_type=call_site count=44664
[2026-04-13T22:50:44Z] [iter=5] HEARTBEAT target_type=call_site elapsed_min=2.4 files_done=0 resolved=0 errors=0 current=lib/python/Products/ZCTextIndex/tests/queryhtml.py
[2026-04-13T22:51:30Z] [iter=5] HEARTBEAT target_type=call_site elapsed_min=3.1 files_done=1 resolved=8 errors=18 current=lib/python/ZServer/PubCore/ZRendezvous.py
[2026-04-13T22:52:15Z] [iter=5] HEARTBEAT target_type=call_site elapsed_min=3.9 files_done=2 resolved=8 errors=36 current=utilities/requestprofiler.py
[2026-04-13T22:56:48Z] [iter=5] HEARTBEAT target_type=call_site elapsed_min=8.4 files_done=3 resolved=82 errors=143 current=lib/python/AccessControl/ZopeGuards.py
[2026-04-13T22:59:19Z] [iter=5] HEARTBEAT target_type=call_site elapsed_min=10.9 files_done=4 resolved=125 errors=203 current=lib/python/Products/ZGadflyDA/DABase.py
[2026-04-13T23:00:07Z] [iter=5] HEARTBEAT target_type=call_site elapsed_min=11.7 files_done=5 resolved=134 errors=222 current=lib/python/ZServer/medusa/status_handler.py
[2026-04-13T23:02:20Z] [iter=5] HEARTBEAT target_type=call_site elapsed_min=14.0 files_done=6 resolved=172 errors=275 current=lib/python/Products/StandardCacheManagers/tests/test_AcceleratedHTTPCacheManager.py
[2026-04-13T23:04:30Z] [iter=5] HEARTBEAT target_type=call_site elapsed_min=16.1 files_done=7 resolved=182 errors=326 current=lib/python/ZClasses/_pmc.py
[2026-04-13T23:06:39Z] [iter=5] HEARTBEAT target_type=call_site elapsed_min=18.3 files_done=9 resolved=205 errors=377 current=lib/python/App/tests/test_setConfiguration.py
[2026-04-13T23:08:09Z] [iter=5] HEARTBEAT target_type=call_site elapsed_min=19.8 files_done=10 resolved=214 errors=413 current=lib/python/Shared/DC/ZRDB/sqlvar.py
[2026-04-13T23:08:44Z] [iter=5] HEARTBEAT target_type=call_site elapsed_min=20.3 files_done=11 resolved=224 errors=427 current=lib/python/Products/Five/form/tests/schemacontent.py
[2026-04-13T23:09:19Z] [iter=5] HEARTBEAT target_type=call_site elapsed_min=20.9 files_done=12 resolved=224 errors=441 current=lib/python/ZServer/medusa/thread/thread_handler.py
[2026-04-13T23:11:56Z] [iter=5] HEARTBEAT target_type=call_site elapsed_min=23.6 files_done=13 resolved=256 errors=504 current=lib/python/OFS/Uninstalled.py
[2026-04-13T23:12:37Z] [iter=5] HEARTBEAT target_type=call_site elapsed_min=24.2 files_done=15 resolved=272 errors=520 current=lib/python/Products/ZODBMountPoint/tests/testMountPoint.py
[2026-04-13T23:15:04Z] [iter=5] HEARTBEAT target_type=call_site elapsed_min=26.7 files_done=16 resolved=277 errors=579 current=utilities/reindex_catalog.py
[2026-04-13T23:16:07Z] [iter=5] HEARTBEAT target_type=call_site elapsed_min=27.7 files_done=17 resolved=279 errors=604 current=lib/python/Testing/ZopeTestCase/ZopeLite.py
[2026-04-13T23:17:59Z] [iter=5] HEARTBEAT target_type=call_site elapsed_min=29.6 files_done=18 resolved=300 errors=649 current=lib/python/App/version_txt.py
[2026-04-13T23:19:26Z] [iter=5] HEARTBEAT target_type=call_site elapsed_min=31.1 files_done=20 resolved=331 errors=684 current=lib/python/Shared/DC/ZRDB/Search.py
[2026-04-13T23:20:51Z] [iter=5] HEARTBEAT target_type=call_site elapsed_min=32.5 files_done=21 resolved=342 errors=718 current=lib/python/OFS/ZDOM.py
[2026-04-13T23:23:42Z] [iter=5] HEARTBEAT target_type=call_site elapsed_min=35.3 files_done=22 resolved=360 errors=787 current=lib/python/Products/PageTemplates/tests/testDTMLTests.py
[2026-04-13T23:25:10Z] [iter=5] HEARTBEAT target_type=call_site elapsed_min=36.8 files_done=23 resolved=365 errors=822 current=lib/python/OFS/event.py
[2026-04-13T23:26:23Z] [iter=5] HEARTBEAT target_type=call_site elapsed_min=38.0 files_done=25 resolved=373 errors=851 current=lib/python/Shared/DC/ZRDB/Aqueduct.py
[2026-04-13T23:29:13Z] [iter=5] HEARTBEAT target_type=call_site elapsed_min=40.8 files_done=26 resolved=415 errors=919 current=lib/python/Zope2/Startup/datatypes.py
[2026-04-13T23:30:45Z] [iter=5] HEARTBEAT target_type=call_site elapsed_min=42.4 files_done=27 resolved=443 errors=956 current=lib/python/Products/ExternalMethod/ExternalMethod.py
[2026-04-13T23:32:05Z] [iter=5] HEARTBEAT target_type=call_site elapsed_min=43.7 files_done=28 resolved=465 errors=988 current=lib/python/Products/Five/site/browser.py
[2026-04-13T23:32:53Z] [iter=5] HEARTBEAT target_type=call_site elapsed_min=44.5 files_done=29 resolved=468 errors=1007 current=lib/python/Products/PageTemplates/ZRPythonExpr.py
[2026-04-13T23:33:42Z] [iter=5] HEARTBEAT target_type=call_site elapsed_min=45.3 files_done=30 resolved=471 errors=1027 current=lib/python/Products/Five/site/tests/test_sitemanager.py
[2026-04-13T23:35:08Z] [iter=5] HEARTBEAT target_type=call_site elapsed_min=46.7 files_done=32 resolved=487 errors=1061 current=lib/python/Zope2/App/startup.py
[2026-04-13T23:37:37Z] [iter=5] HEARTBEAT target_type=call_site elapsed_min=49.2 files_done=33 resolved=510 errors=1121 current=lib/python/TAL/markbench.py
[2026-04-13T23:38:50Z] [iter=5] HEARTBEAT target_type=call_site elapsed_min=50.4 files_done=34 resolved=535 errors=1150 current=lib/python/AccessControl/Implementation.py
[2026-04-13T23:39:30Z] [iter=5] HEARTBEAT target_type=call_site elapsed_min=51.1 files_done=36 resolved=556 errors=1166 current=lib/python/Testing/makerequest.py
[2026-04-13T23:40:23Z] [iter=5] HEARTBEAT target_type=call_site elapsed_min=52.0 files_done=38 resolved=558 errors=1187 current=lib/python/ZServer/medusa/thread/select_trigger.py
[2026-04-13T23:42:32Z] [iter=5] HEARTBEAT target_type=call_site elapsed_min=54.2 files_done=39 resolved=578 errors=1239 current=lib/python/TAL/markupbase.py
[2026-04-13T23:44:32Z] [iter=5] HEARTBEAT target_type=call_site elapsed_min=56.2 files_done=40 resolved=586 errors=1287 current=lib/python/ZTUtils/Tree.py
[2026-04-13T23:45:51Z] [iter=5] HEARTBEAT target_type=call_site elapsed_min=57.5 files_done=41 resolved=616 errors=1319 current=lib/python/Testing/ZopeTestCase/testWebserver.py
[2026-04-13T23:47:29Z] [iter=5] HEARTBEAT target_type=call_site elapsed_min=59.1 files_done=42 resolved=629 errors=1358 current=lib/python/ZPublisher/TaintedString.py
[2026-04-13T23:48:40Z] [iter=5] HEARTBEAT target_type=call_site elapsed_min=60.3 files_done=43 resolved=649 errors=1386 current=lib/python/StructuredText/regressions/create_referencesfiles.py
[2026-04-13T23:50:07Z] [iter=5] HEARTBEAT target_type=call_site elapsed_min=61.7 files_done=45 resolved=664 errors=1420 current=lib/python/Products/Five/skin/standardmacros.py
[2026-04-13T23:51:51Z] [iter=5] HEARTBEAT target_type=call_site elapsed_min=63.5 files_done=47 resolved=669 errors=1461 current=lib/python/Interface/Implements.py
[2026-04-13T23:52:52Z] [iter=5] HEARTBEAT target_type=call_site elapsed_min=64.5 files_done=48 resolved=684 errors=1485 current=lib/python/OFS/Cache.py
[2026-04-13T23:56:34Z] [iter=5] HEARTBEAT target_type=call_site elapsed_min=68.2 files_done=49 resolved=724 errors=1573 current=utilities/copyzopeskel.py
[2026-04-13T23:57:29Z] [iter=5] HEARTBEAT target_type=call_site elapsed_min=69.1 files_done=50 resolved=786 errors=1595 current=lib/python/ZServer/medusa/redirecting_handler.py
[2026-04-13T23:58:01Z] [iter=5] HEARTBEAT target_type=call_site elapsed_min=69.6 files_done=52 resolved=800 errors=1608 current=lib/python/Products/SiteErrorLog/SiteErrorLog.py
[2026-04-14T00:00:11Z] [iter=5] HEARTBEAT target_type=call_site elapsed_min=71.8 files_done=53 resolved=823 errors=1660 current=lib/python/ZTUtils/Zope.py
[2026-04-14T00:02:09Z] [iter=5] HEARTBEAT target_type=call_site elapsed_min=73.8 files_done=54 resolved=849 errors=1707 current=lib/python/Products/PageTemplates/tests/batch.py
[2026-04-14T00:02:59Z] [iter=5] HEARTBEAT target_type=call_site elapsed_min=74.6 files_done=56 resolved=859 errors=1727 current=lib/python/Products/SiteAccess/tests/testVirtualHostMonster.py
[2026-04-14T00:05:07Z] [iter=5] HEARTBEAT target_type=call_site elapsed_min=76.7 files_done=57 resolved=865 errors=1778 current=lib/python/Products/Transience/TransientObject.py
[2026-04-14T00:06:41Z] [iter=5] HEARTBEAT target_type=call_site elapsed_min=78.3 files_done=58 resolved=882 errors=1816 current=lib/python/Products/Five/tests/adapters.py
[2026-04-14T00:08:55Z] [iter=5] HEARTBEAT target_type=call_site elapsed_min=80.5 files_done=61 resolved=898 errors=1868 current=lib/python/Zope2/Startup/tests/test_schema.py
[2026-04-14T00:10:30Z] [iter=5] HEARTBEAT target_type=call_site elapsed_min=82.1 files_done=62 resolved=922 errors=1906 current=lib/python/Products/ZGadflyDA/gadfly/pygram.py
[2026-04-14T00:12:19Z] [iter=5] HEARTBEAT target_type=call_site elapsed_min=83.9 files_done=63 resolved=954 errors=1950 current=lib/python/Products/Five/tests/test_event.py
[2026-04-14T00:13:26Z] [iter=5] HEARTBEAT target_type=call_site elapsed_min=85.1 files_done=65 resolved=970 errors=1977 current=lib/python/App/interfaces.py
[2026-04-14T00:16:21Z] [iter=5] HEARTBEAT target_type=call_site elapsed_min=88.0 files_done=67 resolved=985 errors=2047 current=lib/python/Products/ZGadflyDA/gadfly/gftest.py
[2026-04-14T00:19:09Z] [iter=5] HEARTBEAT target_type=call_site elapsed_min=90.8 files_done=68 resolved=997 errors=2114 current=lib/python/Products/ZODBMountPoint/MountedObject.py
[2026-04-14T00:22:11Z] [iter=5] HEARTBEAT target_type=call_site elapsed_min=93.8 files_done=69 resolved=1014 errors=2187 current=lib/python/Shared/DC/ZRDB/tests/test_caching.py
[2026-04-14T00:25:43Z] [iter=5] HEARTBEAT target_type=call_site elapsed_min=97.3 files_done=70 resolved=1029 errors=2272 current=lib/python/Products/Five/zcml.py
[2026-04-14T00:27:45Z] [iter=5] HEARTBEAT target_type=call_site elapsed_min=99.4 files_done=73 resolved=1048 errors=2321 current=lib/python/Products/Five/browser/tests/test_decode.py
[2026-04-14T00:28:20Z] [iter=5] HEARTBEAT target_type=call_site elapsed_min=99.9 files_done=76 resolved=1052 errors=2335 current=lib/python/ZPublisher/tests/testHTTPRangeSupport.py
[2026-04-14T00:29:52Z] [iter=5] HEARTBEAT target_type=call_site elapsed_min=101.5 files_done=77 resolved=1061 errors=2372 current=lib/python/Testing/ZopeTestCase/zopedoctest/framework.py
[2026-04-14T00:31:24Z] [iter=5] HEARTBEAT target_type=call_site elapsed_min=103.0 files_done=79 resolved=1065 errors=2409 current=lib/python/Products/PluginIndexes/TextIndex/Vocabulary.py
[2026-04-14T00:32:19Z] [iter=5] HEARTBEAT target_type=call_site elapsed_min=103.9 files_done=80 resolved=1071 errors=2431 current=lib/python/Products/Transience/tests/testTimeoutRelated.py
[2026-04-14T00:33:58Z] [iter=5] HEARTBEAT target_type=call_site elapsed_min=105.6 files_done=81 resolved=1081 errors=2471 current=lib/python/App/FactoryDispatcher.py
[2026-04-14T00:34:48Z] [iter=5] HEARTBEAT target_type=call_site elapsed_min=106.4 files_done=82 resolved=1093 errors=2491 current=lib/python/zExceptions/tests/testExceptionFormatter.py
[2026-04-14T00:36:30Z] [iter=5] HEARTBEAT target_type=call_site elapsed_min=108.1 files_done=83 resolved=1098 errors=2532 current=lib/python/Products/PageTemplates/tests/util.py
[2026-04-14T00:37:03Z] [iter=5] HEARTBEAT target_type=call_site elapsed_min=108.7 files_done=84 resolved=1122 errors=2545 current=lib/python/Products/Five/sizeconfigure.py
[2026-04-14T00:38:15Z] [iter=5] HEARTBEAT target_type=call_site elapsed_min=109.9 files_done=86 resolved=1135 errors=2574 current=lib/python/Products/ZCatalog/CatalogPathAwareness.py
[2026-04-14T00:39:23Z] [iter=5] HEARTBEAT target_type=call_site elapsed_min=111.0 files_done=87 resolved=1149 errors=2601 current=lib/python/App/ZApplication.py
[2026-04-14T00:40:05Z] [iter=5] HEARTBEAT target_type=call_site elapsed_min=111.7 files_done=88 resolved=1154 errors=2618 current=lib/python/Products/Five/form/__init__.py
[2026-04-14T00:41:18Z] [iter=5] HEARTBEAT target_type=call_site elapsed_min=112.9 files_done=89 resolved=1162 errors=2647 current=lib/python/Products/Five/component/tests.py
[2026-04-14T00:42:15Z] [iter=5] HEARTBEAT target_type=call_site elapsed_min=113.9 files_done=91 resolved=1173 errors=2670 current=lib/python/Acquisition/tests.py
[2026-04-14T00:43:54Z] [iter=5] HEARTBEAT target_type=call_site elapsed_min=115.5 files_done=94 resolved=1195 errors=2710 current=inst/WinBuilders/zeo_addons/utilities/mkzeoinstance.py
[2026-04-14T00:44:57Z] [iter=5] HEARTBEAT target_type=call_site elapsed_min=116.6 files_done=96 resolved=1217 errors=2735 current=lib/python/Products/ZSQLMethods/SQL.py
[2026-04-14T00:45:37Z] [iter=5] HEARTBEAT target_type=call_site elapsed_min=117.2 files_done=97 resolved=1227 errors=2751 current=lib/python/Products/Five/browser/tests/cps_test_localizer.py
[2026-04-14T00:46:33Z] [iter=5] HEARTBEAT target_type=call_site elapsed_min=118.2 files_done=99 resolved=1230 errors=2773 current=lib/python/DocumentTemplate/DT_Let.py
[2026-04-14T00:47:15Z] [iter=5] HEARTBEAT target_type=call_site elapsed_min=118.9 files_done=100 resolved=1239 errors=2790 current=lib/python/Products/Five/site/tests/framework.py
[2026-04-14T00:48:05Z] [iter=5] HEARTBEAT target_type=call_site elapsed_min=119.7 files_done=102 resolved=1240 errors=2810 current=utilities/mkzeoinstance.py
[2026-04-14T00:49:05Z] [iter=5] HEARTBEAT target_type=call_site elapsed_min=120.7 files_done=105 resolved=1253 errors=2834 current=lib/python/Products/ZCatalog/Lazy.py
[2026-04-14T00:50:51Z] [iter=5] HEARTBEAT target_type=call_site elapsed_min=122.5 files_done=107 resolved=1288 errors=2877 current=lib/python/webdav/Lockable.py
[2026-04-14T00:52:33Z] [iter=5] HEARTBEAT target_type=call_site elapsed_min=124.2 files_done=108 resolved=1292 errors=2918 current=lib/python/Products/ZCTextIndex/tests/testPipelineFactory.py
[2026-04-14T00:53:08Z] [iter=5] HEARTBEAT target_type=call_site elapsed_min=124.7 files_done=109 resolved=1294 errors=2932 current=lib/python/Products/Five/fiveconfigure.py
[2026-04-14T00:54:12Z] [iter=5] HEARTBEAT target_type=call_site elapsed_min=125.8 files_done=110 resolved=1333 errors=2958 current=lib/python/zLOG/tests/testzLog.py
[2026-04-14T00:56:08Z] [iter=5] HEARTBEAT target_type=call_site elapsed_min=127.7 files_done=111 resolved=1344 errors=3004 current=lib/python/Products/SiteErrorLog/tests/testSiteErrorLog.py
[2026-04-14T00:57:35Z] [iter=5] HEARTBEAT target_type=call_site elapsed_min=129.2 files_done=112 resolved=1360 errors=3039 current=lib/python/Products/Five/testbrowser.py
[2026-04-14T00:58:10Z] [iter=5] HEARTBEAT target_type=call_site elapsed_min=129.8 files_done=113 resolved=1362 errors=3053 current=lib/python/AccessControl/tests/testOwned.py
[2026-04-14T01:00:43Z] [iter=5] HEARTBEAT target_type=call_site elapsed_min=132.3 files_done=114 resolved=1370 errors=3114 current=lib/python/AccessControl/PermissionMapping.py
[2026-04-14T01:01:53Z] [iter=5] HEARTBEAT target_type=call_site elapsed_min=133.5 files_done=115 resolved=1385 errors=3142 current=lib/python/tempstorage/tests/testTemporaryStorage.py
[2026-04-14T01:03:23Z] [iter=5] HEARTBEAT target_type=call_site elapsed_min=135.0 files_done=116 resolved=1398 errors=3178 current=lib/python/Interface/tests/testVisitImplements.py
[2026-04-14T01:04:13Z] [iter=5] HEARTBEAT target_type=call_site elapsed_min=135.8 files_done=119 resolved=1407 errors=3198 current=lib/python/DocumentTemplate/DT_Try.py
[2026-04-14T01:04:48Z] [iter=5] HEARTBEAT target_type=call_site elapsed_min=136.4 files_done=120 resolved=1414 errors=3212 current=inst/install.py
[2026-04-14T01:06:40Z] [iter=5] HEARTBEAT target_type=call_site elapsed_min=138.3 files_done=122 resolved=1455 errors=3257 current=lib/python/Products/PluginIndexes/TopicIndex/tests/testTopicIndex.py
[2026-04-14T01:08:17Z] [iter=5] HEARTBEAT target_type=call_site elapsed_min=139.9 files_done=123 resolved=1459 errors=3296 current=lib/python/DocumentTemplate/DT_HTML.py
[2026-04-14T01:10:29Z] [iter=5] HEARTBEAT target_type=call_site elapsed_min=142.1 files_done=124 resolved=1474 errors=3349 current=lib/python/Products/PluginIndexes/TextIndex/Splitter/setup.py
[2026-04-14T01:11:07Z] [iter=5] HEARTBEAT target_type=call_site elapsed_min=142.7 files_done=126 resolved=1484 errors=3364 current=lib/python/Shared/DC/ZRDB/RDB.py
[2026-04-14T01:12:14Z] [iter=5] HEARTBEAT target_type=call_site elapsed_min=143.9 files_done=127 resolved=1501 errors=3391 current=lib/python/StructuredText/StructuredText.py
[2026-04-14T01:14:14Z] [iter=5] HEARTBEAT target_type=call_site elapsed_min=145.9 files_done=129 resolved=1523 errors=3439 current=lib/python/AccessControl/SimpleObjectPolicies.py
[2026-04-14T01:15:35Z] [iter=5] HEARTBEAT target_type=call_site elapsed_min=147.2 files_done=133 resolved=1549 errors=3512 current=lib/python/Products/PluginIndexes/DateRangeIndex/DateRangeIndex.py
[2026-04-14T01:18:19Z] [iter=5] HEARTBEAT target_type=call_site elapsed_min=149.9 files_done=134 resolved=1565 errors=3576 current=lib/python/ZServer/ICPServer.py
[2026-04-14T01:18:54Z] [iter=5] HEARTBEAT target_type=call_site elapsed_min=150.5 files_done=135 resolved=1572 errors=3590 current=lib/python/AccessControl/SecurityInfo.py
[2026-04-14T01:20:59Z] [iter=5] HEARTBEAT target_type=call_site elapsed_min=152.6 files_done=136 resolved=1591 errors=3640 current=lib/python/webdav/EtagSupport.py
[2026-04-14T01:21:36Z] [iter=5] HEARTBEAT target_type=call_site elapsed_min=153.2 files_done=137 resolved=1595 errors=3655 current=lib/python/DocumentTemplate/sequence/tests/ztestlib.py
[2026-04-14T01:23:58Z] [iter=5] HEARTBEAT target_type=call_site elapsed_min=155.6 files_done=139 resolved=1618 errors=3712 current=lib/python/AccessControl/AuthEncoding.py
[2026-04-14T01:24:40Z] [iter=5] HEARTBEAT target_type=call_site elapsed_min=156.3 files_done=140 resolved=1633 errors=3729 current=lib/python/Testing/ZopeTestCase/ZopeTestCase.py
[2026-04-14T01:25:33Z] [iter=5] HEARTBEAT target_type=call_site elapsed_min=157.2 files_done=141 resolved=1635 errors=3750 current=lib/python/OFS/tests/test_XMLExportImport.py
[2026-04-14T01:27:02Z] [iter=5] HEARTBEAT target_type=call_site elapsed_min=158.7 files_done=142 resolved=1646 errors=3786 current=lib/python/Products/Five/tests/boilerplate.py
[2026-04-14T01:27:39Z] [iter=5] HEARTBEAT target_type=call_site elapsed_min=159.3 files_done=145 resolved=1649 errors=3801 current=lib/python/Products/OFSP/__init__.py
[2026-04-14T01:28:26Z] [iter=5] HEARTBEAT target_type=call_site elapsed_min=160.1 files_done=146 resolved=1658 errors=3820 current=lib/python/AccessControl/tests/testDeprecatedAPI.py
[2026-04-14T01:29:19Z] [iter=5] HEARTBEAT target_type=call_site elapsed_min=160.9 files_done=148 resolved=1669 errors=3841 current=lib/python/Products/Five/browser/tests/test_traversable.py
[2026-04-14T01:30:48Z] [iter=5] HEARTBEAT target_type=call_site elapsed_min=162.4 files_done=150 resolved=1676 errors=3877 current=inst/configure.py
[2026-04-14T01:31:33Z] [iter=5] HEARTBEAT target_type=call_site elapsed_min=163.2 files_done=151 resolved=1702 errors=3895 current=lib/python/Zope2/App/ClassFactory.py
[2026-04-14T01:32:11Z] [iter=5] HEARTBEAT target_type=call_site elapsed_min=163.8 files_done=153 resolved=1712 errors=3910 current=lib/python/Shared/DC/ZRDB/dbi_db.py
[2026-04-14T01:32:55Z] [iter=5] HEARTBEAT target_type=call_site elapsed_min=164.5 files_done=154 resolved=1725 errors=3928 current=lib/python/Products/Five/browser/decode.py
[2026-04-14T01:33:28Z] [iter=5] HEARTBEAT target_type=call_site elapsed_min=165.1 files_done=156 resolved=1737 errors=3941 current=lib/python/Testing/ZopeTestCase/testPlaceless.py
[2026-04-14T01:34:40Z] [iter=5] HEARTBEAT target_type=call_site elapsed_min=166.3 files_done=157 resolved=1740 errors=3970 current=lib/python/Products/Five/tests/test_i18n.py
[2026-04-14T01:35:21Z] [iter=5] HEARTBEAT target_type=call_site elapsed_min=167.0 files_done=161 resolved=1768 errors=3986 current=lib/python/ZTUtils/tests/testIterator.py
[2026-04-14T01:37:24Z] [iter=5] HEARTBEAT target_type=call_site elapsed_min=169.0 files_done=162 resolved=1785 errors=4035 current=lib/python/ZPublisher/BeforeTraverse.py
[2026-04-14T01:38:06Z] [iter=5] HEARTBEAT target_type=call_site elapsed_min=169.7 files_done=163 resolved=1797 errors=4052 current=inst/file_from_infile.py
[2026-04-14T01:38:41Z] [iter=5] HEARTBEAT target_type=call_site elapsed_min=170.3 files_done=164 resolved=1812 errors=4066 current=lib/python/Products/Five/browser/providerexpression.py
[2026-04-14T01:40:50Z] [iter=5] HEARTBEAT target_type=call_site elapsed_min=172.5 files_done=166 resolved=1820 errors=4118 current=lib/python/Products/Five/tests/metaconfigure.py
[2026-04-14T01:41:36Z] [iter=5] HEARTBEAT target_type=call_site elapsed_min=173.2 files_done=170 resolved=1855 errors=4136 current=lib/python/Products/ZCTextIndex/tests/mailtest.py
[2026-04-14T01:43:19Z] [iter=5] HEARTBEAT target_type=call_site elapsed_min=174.9 files_done=171 resolved=1887 errors=4177 current=lib/python/Products/Five/doc/products/InterfaceTutorial/other.py
[2026-04-14T01:44:23Z] [iter=5] HEARTBEAT target_type=call_site elapsed_min=176.0 files_done=173 resolved=1892 errors=4203 current=lib/python/Products/PageTemplates/tests/test_ptfile.py
[2026-04-14T01:46:15Z] [iter=5] HEARTBEAT target_type=call_site elapsed_min=177.9 files_done=174 resolved=1910 errors=4248 current=lib/python/Testing/ZopeTestCase/functional.py
[2026-04-14T01:46:50Z] [iter=5] HEARTBEAT target_type=call_site elapsed_min=178.5 files_done=175 resolved=1915 errors=4262 current=lib/python/Products/PageTemplates/PageTemplateFile.py
[2026-04-14T01:48:31Z] [iter=5] HEARTBEAT target_type=call_site elapsed_min=180.1 files_done=176 resolved=1931 errors=4302 current=lib/python/ZServer/medusa/event_loop.py
[2026-04-14T01:49:13Z] [iter=5] HEARTBEAT target_type=call_site elapsed_min=180.8 files_done=178 resolved=1944 errors=4319 current=lib/python/App/tests/test_cachemanager.py
[2026-04-14T01:49:53Z] [iter=5] HEARTBEAT target_type=call_site elapsed_min=181.5 files_done=179 resolved=1945 errors=4335 current=lib/python/Products/Five/browser/tests/pts_test_languages.py
[2026-04-14T01:50:28Z] [iter=5] HEARTBEAT target_type=call_site elapsed_min=182.1 files_done=181 resolved=1967 errors=4349 current=lib/python/Testing/ZopeTestCase/PortalTestCase.py
[2026-04-14T01:51:41Z] [iter=5] HEARTBEAT target_type=call_site elapsed_min=183.3 files_done=182 resolved=1972 errors=4378 current=lib/python/Products/Five/security.py
[2026-04-14T01:52:23Z] [iter=5] HEARTBEAT target_type=call_site elapsed_min=184.0 files_done=183 resolved=1984 errors=4395 current=lib/python/Testing/ZopeTestCase/threadutils.py
[2026-04-14T01:53:00Z] [iter=5] HEARTBEAT target_type=call_site elapsed_min=184.6 files_done=185 resolved=1990 errors=4410 current=lib/python/Products/Five/browser/tests/test_menu.py
[2026-04-14T01:53:37Z] [iter=5] HEARTBEAT target_type=call_site elapsed_min=185.2 files_done=187 resolved=2003 errors=4425 current=inst/compilezpy.py
[2026-04-14T01:54:15Z] [iter=5] HEARTBEAT target_type=call_site elapsed_min=185.9 files_done=191 resolved=2019 errors=4440 current=lib/python/Zope2/Startup/tests/test_warnfilter.py
[2026-04-14T01:55:02Z] [iter=5] HEARTBEAT target_type=call_site elapsed_min=186.7 files_done=193 resolved=2035 errors=4459 current=lib/python/Products/PageTemplates/unicodeconflictresolver.py
[2026-04-14T01:56:17Z] [iter=5] HEARTBEAT target_type=call_site elapsed_min=187.9 files_done=195 resolved=2056 errors=4489 current=lib/python/Persistence/tests/test_ExtensionClass.py
[2026-04-14T01:57:32Z] [iter=5] HEARTBEAT target_type=call_site elapsed_min=189.2 files_done=197 resolved=2059 errors=4519 current=lib/python/Testing/ZopeTestCase/zopedoctest/testAuthHeaderTest.py
[2026-04-14T01:58:32Z] [iter=5] HEARTBEAT target_type=call_site elapsed_min=190.2 files_done=199 resolved=2064 errors=4543 current=lib/python/AccessControl/requestmethod.py
[2026-04-14T02:00:18Z] [iter=5] HEARTBEAT target_type=call_site elapsed_min=191.9 files_done=202 resolved=2091 errors=4585 current=lib/python/Zope2/Startup/run.py
[2026-04-14T02:00:57Z] [iter=5] HEARTBEAT target_type=call_site elapsed_min=192.6 files_done=203 resolved=2091 errors=4601 current=lib/python/Products/PythonScripts/standard.py
[2026-04-14T02:01:27Z] [iter=5] HEARTBEAT target_type=call_site elapsed_min=193.1 files_done=204 resolved=2095 errors=4613 current=lib/python/Shared/DC/Scripts/Signature.py
[2026-04-14T02:02:52Z] [iter=5] HEARTBEAT target_type=call_site elapsed_min=194.5 files_done=206 resolved=2109 errors=4647 current=lib/python/ZClasses/ObjectManager.py
[2026-04-14T02:03:39Z] [iter=5] HEARTBEAT target_type=call_site elapsed_min=195.3 files_done=208 resolved=2113 errors=4666 current=lib/python/Products/ZGadflyDA/gadfly/sqlgen.py
[2026-04-14T02:04:26Z] [iter=5] HEARTBEAT target_type=call_site elapsed_min=196.1 files_done=209 resolved=2116 errors=4685 current=lib/python/ZServer/medusa/monitor_client_win32.py
[2026-04-14T02:05:04Z] [iter=5] HEARTBEAT target_type=call_site elapsed_min=196.7 files_done=210 resolved=2128 errors=4700 current=lib/python/Acquisition/__init__.py
[2026-04-14T02:06:09Z] [iter=5] HEARTBEAT target_type=call_site elapsed_min=197.8 files_done=215 resolved=2150 errors=4726 current=lib/python/ZServer/__init__.py
[2026-04-14T02:06:43Z] [iter=5] HEARTBEAT target_type=call_site elapsed_min=198.3 files_done=218 resolved=2167 errors=4740 current=lib/python/Products/PluginIndexes/TextIndex/tests/testSplitter.py
[2026-04-14T02:07:28Z] [iter=5] HEARTBEAT target_type=call_site elapsed_min=199.1 files_done=220 resolved=2180 errors=4777 current=lib/python/ThreadLock/setup.py
[2026-04-14T02:08:48Z] [iter=5] HEARTBEAT target_type=call_site elapsed_min=200.4 files_done=225 resolved=2194 errors=4809 current=lib/python/Products/PluginIndexes/common/ResultList.py
[2026-04-14T02:09:21Z] [iter=5] HEARTBEAT target_type=call_site elapsed_min=201.0 files_done=227 resolved=2213 errors=4822 current=utilities/check_catalog.py
[2026-04-14T02:10:13Z] [iter=5] HEARTBEAT target_type=call_site elapsed_min=201.8 files_done=228 resolved=2233 errors=4843 current=lib/python/Signals/SignalHandler.py
[2026-04-14T02:10:47Z] [iter=5] HEARTBEAT target_type=call_site elapsed_min=202.4 files_done=229 resolved=2238 errors=4857 current=lib/python/Testing/ZopeTestCase/tests.py
[2026-04-14T02:12:02Z] [iter=5] HEARTBEAT target_type=call_site elapsed_min=203.7 files_done=233 resolved=2256 errors=4887 current=lib/python/ZServer/FTPResponse.py
[2026-04-14T02:12:40Z] [iter=5] HEARTBEAT target_type=call_site elapsed_min=204.3 files_done=235 resolved=2268 errors=4902 current=lib/python/Products/PluginIndexes/TextIndex/Splitter/ISO_8859_1_Splitter/__init__.py
[2026-04-14T02:14:05Z] [iter=5] HEARTBEAT target_type=call_site elapsed_min=205.7 files_done=240 resolved=2290 errors=4936 current=lib/python/ZServer/medusa/put_handler.py
[2026-04-14T02:14:52Z] [iter=5] HEARTBEAT target_type=call_site elapsed_min=206.5 files_done=241 resolved=2298 errors=4955 current=lib/python/App/tests/testManagement.py
[2026-04-14T02:15:32Z] [iter=5] HEARTBEAT target_type=call_site elapsed_min=207.2 files_done=244 resolved=2302 errors=4971 current=lib/python/StructuredText/ST.py
[2026-04-14T02:16:37Z] [iter=5] HEARTBEAT target_type=call_site elapsed_min=208.2 files_done=247 resolved=2312 errors=4997 current=lib/python/Products/SiteAccess/__init__.py
[2026-04-14T02:17:14Z] [iter=5] HEARTBEAT target_type=call_site elapsed_min=208.9 files_done=250 resolved=2314 errors=5012 current=lib/python/zExceptions/ITracebackSupplement.py
[2026-04-14T02:18:16Z] [iter=5] HEARTBEAT target_type=call_site elapsed_min=209.9 files_done=256 resolved=2327 errors=5037 current=lib/python/Products/Five/tests/testing/restricted.py
[2026-04-14T02:19:11Z] [iter=5] HEARTBEAT target_type=call_site elapsed_min=210.8 files_done=258 resolved=2328 errors=5059 current=lib/python/Testing/ZopeTestCase/connections.py
[2026-04-14T02:19:53Z] [iter=5] HEARTBEAT target_type=call_site elapsed_min=211.5 files_done=260 resolved=2345 errors=5076 current=lib/python/Products/PluginIndexes/FieldIndex/FieldIndex.py
[2026-04-14T02:20:26Z] [iter=5] HEARTBEAT target_type=call_site elapsed_min=212.1 files_done=262 resolved=2351 errors=5089 current=lib/python/Shared/DC/Scripts/Script.py
[2026-04-14T02:21:18Z] [iter=5] HEARTBEAT target_type=call_site elapsed_min=212.9 files_done=267 resolved=2354 errors=5110 current=lib/python/ZClasses/ZClassOwner.py
[2026-04-14T02:21:56Z] [iter=5] HEARTBEAT target_type=call_site elapsed_min=213.6 files_done=269 resolved=2356 errors=5125 current=lib/python/webdav/tests/testLockItem.py
[2026-04-14T02:22:31Z] [iter=5] HEARTBEAT target_type=call_site elapsed_min=214.1 files_done=274 resolved=2378 errors=5139 current=lib/python/Products/Sessions/__init__.py
[2026-04-14T02:23:23Z] [iter=5] HEARTBEAT target_type=call_site elapsed_min=215.0 files_done=277 resolved=2385 errors=5160 current=lib/python/AccessControl/tests/testChownRecursive.py
[2026-04-14T02:24:03Z] [iter=5] HEARTBEAT target_type=call_site elapsed_min=215.7 files_done=278 resolved=2387 errors=5176 current=lib/python/Products/PluginIndexes/common/PluggableIndex.py
[2026-04-14T02:24:50Z] [iter=5] HEARTBEAT target_type=call_site elapsed_min=216.4 files_done=283 resolved=2399 errors=5195 current=lib/python/App/tests/testPersistentExtra.py
[2026-04-14T02:25:37Z] [iter=5] HEARTBEAT target_type=call_site elapsed_min=217.2 files_done=287 resolved=2412 errors=5214 current=lib/python/ZPublisher/BaseResponse.py
[2026-04-14T02:26:10Z] [iter=5] HEARTBEAT target_type=call_site elapsed_min=217.8 files_done=294 resolved=2430 errors=5227 current=lib/python/Interface/tests/testDocument.py
[2026-04-14T02:26:57Z] [iter=5] HEARTBEAT target_type=call_site elapsed_min=218.6 files_done=301 resolved=2452 errors=5246 current=lib/python/Products/Five/browser/tests/test_pages.py
[2026-04-14T02:27:42Z] [iter=5] HEARTBEAT target_type=call_site elapsed_min=219.3 files_done=306 resolved=2460 errors=5264 current=lib/python/App/ProductRegistry.py
[2026-04-14T02:28:55Z] [iter=5] HEARTBEAT target_type=call_site elapsed_min=220.5 files_done=307 resolved=2473 errors=5293 current=lib/python/ZServer/medusa/test/test_medusa.py
[2026-04-14T02:29:27Z] [iter=5] HEARTBEAT target_type=call_site elapsed_min=221.1 files_done=308 resolved=2478 errors=5306 current=lib/python/reStructuredText/tests/testReST.py
[2026-04-14T02:30:07Z] [iter=5] HEARTBEAT target_type=call_site elapsed_min=221.7 files_done=312 resolved=2484 errors=5361 current=lib/python/webdav/tests/testCollection.py
[2026-04-14T02:30:54Z] [iter=5] HEARTBEAT target_type=call_site elapsed_min=222.5 files_done=317 resolved=2488 errors=5380 current=lib/python/Interface/Method.py
[2026-04-14T02:31:51Z] [iter=5] HEARTBEAT target_type=call_site elapsed_min=223.5 files_done=322 resolved=2498 errors=5403 current=lib/python/AccessControl/__init__.py
[2026-04-14T02:32:39Z] [iter=5] HEARTBEAT target_type=call_site elapsed_min=224.3 files_done=327 resolved=2500 errors=5422 current=lib/python/OFS/tests/testApplication.py
[2026-04-14T02:33:16Z] [iter=5] HEARTBEAT target_type=call_site elapsed_min=224.9 files_done=329 resolved=2517 errors=5437 current=lib/python/Testing/ZopeTestCase/sandbox.py
[2026-04-14T02:33:49Z] [iter=5] HEARTBEAT target_type=call_site elapsed_min=225.4 files_done=330 resolved=2518 errors=5450 current=lib/python/Products/PluginIndexes/interfaces.py
[2026-04-14T02:34:31Z] [iter=5] HEARTBEAT target_type=call_site elapsed_min=226.1 files_done=337 resolved=2527 errors=5467 current=lib/python/Products/PythonScripts/__init__.py
[2026-04-14T02:35:06Z] [iter=5] HEARTBEAT target_type=call_site elapsed_min=226.7 files_done=340 resolved=2540 errors=5481 current=lib/python/Products/PageTemplates/GlobalTranslationService.py
[2026-04-14T02:35:39Z] [iter=5] HEARTBEAT target_type=call_site elapsed_min=227.3 files_done=345 resolved=2543 errors=5494 current=lib/python/zExceptions/TracebackSupplement.py
[2026-04-14T02:36:09Z] [iter=5] HEARTBEAT target_type=call_site elapsed_min=227.8 files_done=348 resolved=2551 errors=5506 current=lib/python/TAL/setpath.py
[2026-04-14T02:36:52Z] [iter=5] HEARTBEAT target_type=call_site elapsed_min=228.5 files_done=351 resolved=2568 errors=5523 current=lib/python/AccessControl/securitySuite/framework.py
[2026-04-14T02:37:29Z] [iter=5] HEARTBEAT target_type=call_site elapsed_min=229.1 files_done=357 resolved=2576 errors=5538 current=lib/python/Products/Five/__init__.py
[2026-04-14T02:38:14Z] [iter=5] HEARTBEAT target_type=call_site elapsed_min=229.9 files_done=363 resolved=2591 errors=5556 current=lib/python/Shared/DC/Scripts/BindingsUI.py
[2026-04-14T02:38:54Z] [iter=5] HEARTBEAT target_type=call_site elapsed_min=230.5 files_done=368 resolved=2607 errors=5572 current=lib/python/Products/TemporaryFolder/LowConflictConnection.py
[2026-04-14T02:39:39Z] [iter=5] HEARTBEAT target_type=call_site elapsed_min=231.3 files_done=372 resolved=2613 errors=5590 current=lib/python/Products/TemporaryFolder/patchfs.py
[2026-04-14T02:40:12Z] [iter=5] HEARTBEAT target_type=call_site elapsed_min=231.8 files_done=375 resolved=2622 errors=5603 current=lib/python/ZServer/medusa/test/test_single_11.py
[2026-04-14T02:40:42Z] [iter=5] HEARTBEAT target_type=call_site elapsed_min=232.3 files_done=380 resolved=2639 errors=5615 current=lib/python/Products/Five/browser/tests/test_absoluteurl.py
[2026-04-14T02:41:12Z] [iter=5] HEARTBEAT target_type=call_site elapsed_min=232.8 files_done=388 resolved=2658 errors=5649 current=lib/python/Record/tests.py
[2026-04-14T02:41:45Z] [iter=5] HEARTBEAT target_type=call_site elapsed_min=233.4 files_done=396 resolved=2678 errors=5662 current=lib/python/AccessControl/tests/test_requestmethod.py
[2026-04-14T02:42:15Z] [iter=5] HEARTBEAT target_type=call_site elapsed_min=233.9 files_done=404 resolved=2692 errors=5674 current=lib/python/Interface/_object.py
[2026-04-14T02:42:47Z] [iter=5] HEARTBEAT target_type=call_site elapsed_min=234.4 files_done=413 resolved=2707 errors=5686 current=lib/python/TAL/driver.py
[2026-04-14T02:43:17Z] [iter=5] HEARTBEAT target_type=call_site elapsed_min=234.9 files_done=423 resolved=2721 errors=5698 current=lib/python/zope/__init__.py
[2026-04-14T02:43:52Z] [iter=5] HEARTBEAT target_type=call_site elapsed_min=235.5 files_done=433 resolved=2734 errors=5712 current=lib/python/Products/Five/form/tests/test_forms.py
[2026-04-14T02:44:24Z] [iter=5] HEARTBEAT target_type=call_site elapsed_min=236.0 files_done=445 resolved=2740 errors=5725 current=lib/python/ComputedAttribute/setup.py
[2026-04-14T02:44:55Z] [iter=5] HEARTBEAT target_type=call_site elapsed_min=236.5 files_done=458 resolved=2765 errors=5737 current=lib/python/Products/PageTemplates/PathIterator.py
[2026-04-14T02:45:27Z] [iter=5] HEARTBEAT target_type=call_site elapsed_min=237.1 files_done=469 resolved=2767 errors=5750 current=lib/python/Interface/iclass.py
[2026-04-14T02:46:22Z] [iter=5] HEARTBEAT target_type=call_site elapsed_min=238.0 files_done=480 resolved=2775 errors=5771 current=lib/python/AccessControl/cAccessControl.c
[2026-04-14T02:48:24Z] [iter=5] CHECKPOINT TRIGGERED elapsed_min=240.0 files_completed=803 new_files_this_iter=480 mem_mb=1752 MB
[2026-04-14T02:48:24Z] [iter=5] Writing partial enrichment graph path=/home/runner/work/forx/forx/storage/aggregate/lsp/358841b27f3e2a06c0632db52c001c78d5f6a554.nq.gz triples=233771
[2026-04-14T02:48:29Z] [iter=5] Checkpoint written, exiting with code 7
[2026-04-14T02:48:29Z] [iter=5] PHASE END: enrich (checkpointed) elapsed_s=14401 elapsed_min=240.0 files_completed=803
