[2026-04-14T03:06:46Z] === ENRICH ITERATION 6 START | repo=zopefoundation/Zope sha=358841b2 ===
[2026-04-14T03:06:46Z] [iter=6] PHASE START: enrich repo=zopefoundation/Zope sha=358841b2 runlog=/home/runner/work/forx/forx/storage/aggregate/lsp/logs/358841b2-enrich-iter-006.log output=/home/runner/work/forx/forx/storage/aggregate/lsp/358841b27f3e2a06c0632db52c001c78d5f6a554.nq.gz
[2026-04-14T03:06:46Z] [iter=6] Step 1: Loading AST into disk-backed store mem_mb=77 MB
[2026-04-14T03:07:47Z] [iter=6] AST store loaded triples=6312814 load_secs=58 mem_mb=1002 MB
[2026-04-14T03:07:47Z] [iter=6] Step 2: Finding LSP targets mem_mb=1002 MB
[2026-04-14T03:08:05Z] [iter=6] LSP targets found call_sites=44664 imports=6341 extends=1182 implements=0 secs=18
[2026-04-14T03:08:15Z] [iter=6] Loaded checkpoint partial graph triples=233771
[2026-04-14T03:08:32Z] [iter=6] Step 2.7: Building position index (one-shot, shared across resolvers) mem_mb=1002 MB
[2026-04-14T03:09:15Z] [iter=6] Position index built positions=442274 nodes_with_types=569433 secs=43 mem_mb=1823 MB
[2026-04-14T03:09:15Z] [iter=6] Step 3: Starting LSP resolution mem_mb=1823 MB already_completed_types=[] already_completed_files=803
[2026-04-14T03:09:15Z] [iter=6] Resolving target type target_type=call_site count=44664
[2026-04-14T03:09:19Z] [iter=6] HEARTBEAT target_type=call_site elapsed_min=2.6 files_done=0 resolved=0 errors=0 current=lib/python/AccessControl/cAccessControl.c
[2026-04-14T03:18:17Z] [iter=6] HEARTBEAT target_type=call_site elapsed_min=11.5 files_done=1 resolved=0 errors=220 current=lib/python/Acquisition/_Acquisition.c
[2026-04-14T03:33:15Z] [iter=6] HEARTBEAT target_type=call_site elapsed_min=26.5 files_done=2 resolved=1 errors=585 current=lib/python/ExtensionClass/_ExtensionClass.c
[2026-04-14T03:35:22Z] [iter=6] HEARTBEAT target_type=call_site elapsed_min=28.6 files_done=3 resolved=1 errors=637 current=lib/Components/BTree/intSet.c
[2026-04-14T03:38:17Z] [iter=6] HEARTBEAT target_type=call_site elapsed_min=31.5 files_done=4 resolved=1 errors=709 current=lib/python/Products/PluginIndexes/TextIndex/Splitter/ZopeSplitter/src/ZopeSplitter.c
[2026-04-14T03:39:50Z] [iter=6] HEARTBEAT target_type=call_site elapsed_min=33.1 files_done=5 resolved=5 errors=747 current=lib/python/Products/PluginIndexes/TextIndex/Splitter/ISO_8859_1_Splitter/src/ISO_8859_1_Splitter.c
[2026-04-14T03:45:04Z] [iter=6] HEARTBEAT target_type=call_site elapsed_min=38.3 files_done=7 resolved=5 errors=977 current=lib/python/Products/ZCTextIndex/okascore.c
[2026-04-14T03:46:08Z] [iter=6] HEARTBEAT target_type=call_site elapsed_min=39.4 files_done=10 resolved=5 errors=1003 current=lib/python/Record/_Record.c
[2026-04-14T03:48:07Z] [iter=6] HEARTBEAT target_type=call_site elapsed_min=41.4 files_done=11 resolved=5 errors=1052 current=lib/python/Persistence/_Persistence.c
[2026-04-14T03:48:41Z] [iter=6] HEARTBEAT target_type=call_site elapsed_min=41.9 files_done=12 resolved=5 errors=1066 current=lib/python/MultiMapping/_MultiMapping.c
[2026-04-14T03:49:35Z] [iter=6] HEARTBEAT target_type=call_site elapsed_min=42.8 files_done=13 resolved=5 errors=1088 current=lib/python/ExtensionClass/pickle/pickle.c
[2026-04-14T03:50:07Z] [iter=6] HEARTBEAT target_type=call_site elapsed_min=43.4 files_done=16 resolved=6 errors=1101 current=lib/python/ComputedAttribute/_ComputedAttribute.c
[2026-04-14T03:50:39Z] [iter=6] HEARTBEAT target_type=call_site elapsed_min=43.9 files_done=17 resolved=6 errors=1114 current=lib/python/Missing/_Missing.c
[2026-04-14T03:51:08Z] [iter=6] Target type resolved target_type=call_site resolved=6 errors=1126 secs=2513 mem_mb=1830 MB
[2026-04-14T03:51:08Z] [iter=6] Resolving target type target_type=import_statement count=6341
[2026-04-14T03:51:09Z] [iter=6] HEARTBEAT target_type=import_statement elapsed_min=44.4 files_done=0 resolved=0 errors=0 current=lib/python/Products/ZCTextIndex/IQueryParseTree.py
[2026-04-14T03:51:15Z] [iter=6] Target type resolved target_type=import_statement resolved=98 errors=1 secs=7 mem_mb=1830 MB
[2026-04-14T03:51:15Z] [iter=6] Resolving target type target_type=extends_clause count=1182
[2026-04-14T03:51:16Z] [iter=6] Target type resolved target_type=extends_clause resolved=31 errors=0 secs=1 mem_mb=1830 MB
[2026-04-14T03:51:59Z] [iter=6] Step 5: Writing final enrichment file triples=402540
[2026-04-14T03:52:08Z] [iter=6] Enrichment file written path=/home/runner/work/forx/forx/storage/aggregate/lsp/358841b27f3e2a06c0632db52c001c78d5f6a554.nq.gz size_kb=10812
[2026-04-14T03:52:08Z] [iter=6] Checkpoint cleared (enrichment complete)
[2026-04-14T03:52:08Z] [iter=6] PHASE END: enrich elapsed_s=2722 elapsed_min=45.4 total_triples=402540
